// Jest Snapshot v1, https://goo.gl/fbAQLP

exports[`renders GetStarted correctly 1`] = `
<div
  className="getStarted container-fluid"
>
  <div
    className="row"
  >
    <div
      className="col-md-6"
    >
      <h6>
        homePage.getStarted.ready
      </h6>
      <p>
        homePage.getStarted.parag
      </p>
    </div>
    <div
      className="col-md-1.5 col"
    >
      <button
        className="signUp btn btn-primary btn-sm"
        disabled={false}
        onClick={[Function]}
        type="button"
      >
        homePage.getStarted.signUp
      </button>
    </div>
    <div
      className="col-md-1.5 col"
    >
      <button
        className="contactUs btn btn-primary btn-sm"
        disabled={false}
        type="button"
      >
        homePage.getStarted.contactUs
      </button>
    </div>
    <div
      className="col-md-3 col"
    />
  </div>
</div>
`;
