// Jest Snapshot v1, https://goo.gl/fbAQLP

exports[`PersonalBlogPosts renders correctly 1`] = `
<div
  className="m-5 p-5"
>
  <div
    className="row"
  >
    <button
      className="personalBlogPostsBtn shadow-none mb-1 btn btn-primary"
      disabled={false}
      type="button"
    >
      profile.writePost
    </button>
  </div>
  <div
    className="row"
  >
    <h5>
      profile.recentPost
    </h5>
  </div>
  <div
    className="justify-content-between row"
  >
    <div
      className="pt-2 profileBlogPost"
      onMouseEnter={[Function]}
      onMouseLeave={[Function]}
    >
      <img
        alt="postInfo"
        className="profileBlogPostImage img-fluid"
        src="profile.jpg"
      />
      <div
        className="profileBlogPostInfo px-2 pt-2"
      >
        <h5>
          Title
        </h5>
        <p
          className="pb-2"
        >
          11/11/11
        </p>
      </div>
    </div>
    <div
      className="pt-2 profileBlogPost"
      onMouseEnter={[Function]}
      onMouseLeave={[Function]}
    >
      <img
        alt="postInfo"
        className="profileBlogPostImage img-fluid"
        src="profile.jpg"
      />
      <div
        className="profileBlogPostInfo px-2 pt-2"
      >
        <h5>
          Title
        </h5>
        <p
          className="pb-2"
        >
          11/11/11
        </p>
      </div>
    </div>
    <div
      className="pt-2 profileBlogPost"
      onMouseEnter={[Function]}
      onMouseLeave={[Function]}
    >
      <img
        alt="postInfo"
        className="profileBlogPostImage img-fluid"
        src="profile.jpg"
      />
      <div
        className="profileBlogPostInfo px-2 pt-2"
      >
        <h5>
          Title
        </h5>
        <p
          className="pb-2"
        >
          11/11/11
        </p>
      </div>
    </div>
  </div>
</div>
`;
