// Jest Snapshot v1, https://goo.gl/fbAQLP

exports[`Explore Blogs renders correctly 1`] = `
<div
  className="exploreBlogs"
>
  <div
    className="container"
  >
    <div
      className="exploreBlogsHeadingTitleMain justify-content-center row"
    >
      <div
        className="col-md-auto"
      >
        <h4>
          homePage.exploreBlogs.exploreBlogs
        </h4>
      </div>
    </div>
    <div
      className="exploreBlogsHeadingParagraph justify-content-center row"
    >
      <div
        className="col"
      >
        <p>
          homePage.exploreBlogs.paragraph
        </p>
      </div>
    </div>
  </div>
  <div
    className="exploreBlogsBlogList container"
  >
    <div
      className="justify-content-center row"
    />
  </div>
  <div
    className="justify-content-center row"
  >
    <a
      href="/stories"
      onClick={[Function]}
    >
      <button
        className="btn btn-outline-warning shadow-none"
        disabled={false}
        type="button"
      >
        homePage.exploreBlogs.buttonSeeMore
      </button>
    </a>
  </div>
</div>
`;
