// Jest Snapshot v1, https://goo.gl/fbAQLP

exports[`AdvancedFilters renders correctly 1`] = `
<div
  className="advancedFilters"
>
  <div
    className="container"
  >
    <div
      className="advancedFiltersTitleSection d-flex justify-content-between align-items-baseline pb-2"
    >
      <h5
        className="advancedFiltersTitle"
      >
        resources.AdvancedFilters.title
      </h5>
      <span
        className="moreInfoFilters"
        onBlur={[Function]}
        onFocus={[Function]}
        onMouseOut={[Function]}
        onMouseOver={[Function]}
      >
        ?
      </span>
    </div>
    <div
      className="filterButtons d-flex justify-content-center align-items-baseline"
    >
      <p
        className="clearAll"
        onClick={[Function]}
      >
        resources.AdvancedFilters.clearAll
      </p>
      <button
        className="applyFilters shadow-none btn btn-primary"
        disabled={false}
        onClick={[Function]}
        type="button"
      >
        resources.AdvancedFilters.applyFilters
      </button>
    </div>
  </div>
</div>
`;
