// Jest Snapshot v1, https://goo.gl/fbAQLP

exports[`Features renders correctly 1`] = `
Array [
  <div
    className="featContainer justify-content-center align-items-center row"
  >
    <div
      className="col-lg order-lg-first"
    >
      <img
        alt="girl with Laptop"
        className="featuresImg img-fluid"
        src="img1.jpg"
        style={
          Object {
            "hight": "34rem",
            "top": "139.375rem",
            "width": "45rem",
          }
        }
      />
    </div>
    <div
      className="featText col-lg-6"
    >
      <h3>
        homePage.features.firstFeatTitle
      </h3>
      <p />
    </div>
  </div>,
  <div
    className="featContainer justify-content-center align-items-center row"
  >
    <div
      className="col-lg order-lg-last"
    >
      <img
        alt="girl with email and speaker"
        className="featuresImg img-fluid"
        src="img2.jpg"
        style={
          Object {
            "hight": "37.5rem",
            "left": "45rem",
            "width": "45rem",
          }
        }
      />
    </div>
    <div
      className="featText col-lg-6"
    >
      <h3>
        homePage.features.seondFeatTitle
      </h3>
      <p />
    </div>
  </div>,
  <div
    className="featContainer justify-content-center align-items-center row"
  >
    <div
      className="col-lg order-lg-first"
    >
      <img
        alt="people fixing puzzle"
        className="featuresImg img-fluid"
        src="img3.jpg"
        style={
          Object {
            "hight": "37.5rem",
            "width": "45rem",
          }
        }
      />
    </div>
    <div
      className="featText col-lg-6"
    >
      <h3>
        homePage.features.therdFeatTitle
      </h3>
      <p />
    </div>
  </div>,
]
`;
