// Jest Snapshot v1, https://goo.gl/fbAQLP

exports[`SelectedFilterOptionList renders correctly 1`] = `
<div
  className="filteredOptionsList"
>
  <div
    className="selectedOption d-flex justify-content-between backgroundLight"
  >
    <p
      className="selectedOptionTitle"
    >
      Ankara
    </p>
    <span
      className="selectedOptionDelete"
    >
      X
    </span>
  </div>
  <div
    className="selectedOption d-flex justify-content-between backgroundDark"
  >
    <p
      className="selectedOptionTitle"
    >
      Istanbul
    </p>
    <span
      className="selectedOptionDelete"
    >
      X
    </span>
  </div>
</div>
`;
