// Jest Snapshot v1, https://goo.gl/fbAQLP

exports[`renders correctly 1`] = `
<div
  className="signupContainer container"
>
  <div
    className="webLogo justify-content-center row"
  >
    <h2>
      No Barriers
    </h2>
  </div>
  <div
    className="justify-content-center row"
  >
    <h4
      className="welcometext"
    >
      signup.welcomeMsg
    </h4>
  </div>
  <div
    className="justify-content-center row"
  >
    <form
      className="form"
      onSubmit={[Function]}
    >
      <div
        className="form-row"
      >
        <div
          className="mt-3 form-group col"
        >
          <input
            className="form-control"
            id="formGridFirstName"
            onChange={[Function]}
            placeholder="signup.firstName"
            required={true}
            type="name"
            value=""
          />
        </div>
        <div
          className="mt-3 form-group col"
        >
          <input
            className="form-control"
            id="formGridLastName"
            onChange={[Function]}
            placeholder="signup.lastName"
            required={true}
            type="name"
            value=""
          />
        </div>
      </div>
      <div
        className="mt-3 form-group"
      >
        <input
          className="form-control"
          id="formGridEmail"
          onChange={[Function]}
          placeholder="signup.email"
          type="email"
          value=""
        />
      </div>
      <div
        className="form-row"
      >
        <div
          className="mt-3 form-group col"
        >
          <input
            className="form-control"
            id="formGridPassword"
            onChange={[Function]}
            placeholder="signup.password"
            required={true}
            type="password"
            value=""
          />
        </div>
        <div
          className="mt-3 form-group col"
        >
          <input
            className="form-control"
            id="formGridRepeatPassword"
            onChange={[Function]}
            placeholder="signup.repeatPassword"
            required={true}
            type="password"
            value=""
          />
        </div>
      </div>
      <div
        className="justify-content-center form-row"
      >
        <button
          className="signupBtn mt-3 btn btn-primary"
          disabled={false}
          type="submit"
        >
          signup.signup
        </button>
      </div>
    </form>
  </div>
  <div
    className="justify-content-center row"
  />
  <div
    className="justify-content-center row"
  >
    <p
      className="mt-3"
    >
      signup.existingAccount
      <a
        className="loginLink"
        href="/login"
      >
        signup.login
      </a>
    </p>
  </div>
</div>
`;
