// Jest Snapshot v1, https://goo.gl/fbAQLP

exports[`navbar renders correctly 1`] = `
<nav
  className="navbar navbar-expand navbar-light"
>
  <a
    aria-current="page"
    className="navbar-brand active"
    href="/"
    onClick={[Function]}
    style={Object {}}
  >
    <span
      className="navbar-brand"
    >
      homePage.navbar.home
    </span>
  </a>
  <div
    className="ml-auto navbar-nav"
    onKeyDown={[Function]}
  >
    <a
      aria-current={null}
      className="nav-link"
      href="/findNgos"
      onClick={[Function]}
    >
      homePage.navbar.ngo
    </a>
    <a
      aria-current={null}
      className="nav-link"
      href="/stories"
      onClick={[Function]}
    >
      homePage.navbar.stories
    </a>
    <a
      aria-current={null}
      className="nav-link"
      href="/aboutUs"
      onClick={[Function]}
    >
      homePage.navbar.aboutUs
    </a>
    <a
      aria-current={null}
      className="nav-link"
      href="/profile"
      onClick={[Function]}
    >
      homePage.navbar.profile
    </a>
    <a
      aria-current={null}
      className="nav-link"
      href="/signin"
      onClick={[Function]}
    >
      <button
        className="shadow-none mr-1 btn btn-outline-info"
        disabled={false}
        type="button"
      >
        homePage.navbar.signIn
      </button>
    </a>
    <a
      aria-current={null}
      className="nav-link"
      href="/signup"
      onClick={[Function]}
    >
      <button
        className="shadow-none mr-1 btn btn-outline-info"
        disabled={false}
        type="button"
      >
        homePage.navbar.signUp
      </button>
    </a>
    <div
      className="dropleft nav-item"
      onKeyDown={[Function]}
    >
      <a
        aria-expanded={false}
        aria-haspopup={true}
        className="dropdown-toggle nav-link"
        data-rb-event-key={null}
        href="#"
        id="basic-nav-dropdown"
        onClick={[Function]}
        onKeyDown={[Function]}
        role="button"
      >
        homePage.navbar.dropdownTitle
      </a>
    </div>
  </div>
</nav>
`;
