// Jest Snapshot v1, https://goo.gl/fbAQLP

exports[`RenderBlogPost renders correctly 1`] = `
<div
  className="pt-2 profileBlogPost"
  onMouseEnter={[Function]}
  onMouseLeave={[Function]}
>
  <img
    alt="postInfo"
    className="profileBlogPostImage img-fluid"
    src="profile.jpg"
  />
  <div
    className="profileBlogPostInfo px-2 pt-2"
  >
    <h5>
      My title
    </h5>
    <p
      className="pb-2"
    >
      11/11/11
    </p>
  </div>
</div>
`;
