// Jest Snapshot v1, https://goo.gl/fbAQLP

exports[`FilterOptionsList renders correctly 1`] = `
Array [
  <div
    className="filterOptionsList"
  >
    <div
      className="filterOption d-flex align-items-center p-1"
      onClick={[Function]}
    >
      <span
        className="filterOptionPlusSign"
      >
        +
      </span>
      <p
        className="filterOptionTitle "
      >
        education
      </p>
    </div>
  </div>,
  <div
    className="filterOptionsList"
  >
    <div
      className="filterOption d-flex align-items-center p-1"
      onClick={[Function]}
    >
      <span
        className="filterOptionPlusSign"
      >
        +
      </span>
      <p
        className="filterOptionTitle "
      >
        Istanbul
      </p>
    </div>
    <div
      className="filterOption d-flex align-items-center p-1"
      onClick={[Function]}
    >
      <span
        className="filterOptionPlusSign"
      >
        +
      </span>
      <p
        className="filterOptionTitle "
      >
        Ankara
      </p>
    </div>
  </div>,
]
`;
