// Jest Snapshot v1, https://goo.gl/fbAQLP

exports[`SignIn renders correctly 1`] = `
<div
  className="justify-content-center signIn container"
>
  <div
    className="justify-content-center row"
  >
    <h4
      className="welcomeBack"
    >
      signIn.welcomeBack
    </h4>
  </div>
  <div
    className="justify-content-center row"
  >
    <p>
      signIn.signInText
    </p>
  </div>
  <div
    className="justify-content-center row"
  >
    <div
      className="icons"
    >
      <button
        className="socialIcons btn btn-danger"
        disabled={false}
        onClick={[Function]}
        type="button"
      >
        <svg
          aria-hidden="true"
          className="svg-inline--fa fa-google fa-w-16 "
          data-icon="google"
          data-prefix="fab"
          focusable="false"
          role="img"
          style={Object {}}
          viewBox="0 0 488 512"
          xmlns="http://www.w3.org/2000/svg"
        >
          <path
            d="M488 261.8C488 403.3 391.1 504 248 504 110.8 504 0 393.2 0 256S110.8 8 248 8c66.8 0 123 24.5 166.3 64.9l-67.5 64.9C258.5 52.6 94.3 116.6 94.3 256c0 86.5 69.1 156.6 153.7 156.6 98.2 0 135-70.4 140.8-106.9H248v-85.3h236.1c2.3 12.7 3.9 24.9 3.9 41.4z"
            fill="currentColor"
            style={Object {}}
          />
        </svg>
      </button>
      <button
        className="socialIcons btn btn-primary"
        disabled={false}
        onClick={[Function]}
        type="button"
      >
        <svg
          aria-hidden="true"
          className="svg-inline--fa fa-facebook fa-w-16 "
          data-icon="facebook"
          data-prefix="fab"
          focusable="false"
          role="img"
          style={Object {}}
          viewBox="0 0 512 512"
          xmlns="http://www.w3.org/2000/svg"
        >
          <path
            d="M504 256C504 119 393 8 256 8S8 119 8 256c0 123.78 90.69 226.38 209.25 245V327.69h-63V256h63v-54.64c0-62.15 37-96.48 93.67-96.48 27.14 0 55.52 4.84 55.52 4.84v61h-31.28c-30.8 0-40.41 19.12-40.41 38.73V256h68.78l-11 71.69h-57.78V501C413.31 482.38 504 379.78 504 256z"
            fill="currentColor"
            style={Object {}}
          />
        </svg>
      </button>
    </div>
  </div>
  <form
    className=""
    id="signInForm"
    onSubmit={[Function]}
  >
    <div
      className="justify-content-center form-group row"
    >
      <p>
        signIn.or
      </p>
    </div>
    <div
      className="justify-content-center form-group row"
    >
      <div
        className="col-5"
      >
        <input
          className="form-control"
          id="formBasicEmail"
          onChange={[Function]}
          placeholder="signIn.enterEmail"
          type="email"
        />
        <small
          className="text-muted form-text"
        >
          signIn.emailMsg
        </small>
      </div>
    </div>
    <div
      className="justify-content-center form-group row"
    >
      <div
        className="col-5"
      >
        <input
          className="form-control"
          id="formBasicPassword"
          onChange={[Function]}
          placeholder="signIn.password"
          type="password"
        />
      </div>
    </div>
    <div
      className="justify-content-center row"
    />
    <div
      className="justify-content-center row"
    >
      <button
        className="signInButton btn btn-primary"
        disabled={false}
        type="submit"
      >
        signIn.signInBtn
      </button>
    </div>
  </form>
</div>
`;
