// Jest Snapshot v1, https://goo.gl/fbAQLP

exports[`NgoList renders correctly 1`] = `
<div
  className="ngoList table-responsive"
>
  <table
    className="table-borderless ngoListTable table"
  >
    <thead>
      <tr>
        <th
          className="logoCol"
          scope="col"
        >
           
        </th>
        <th
          scope="col"
        >
          resources.AdvancedFilters.names
        </th>
        <th
          scope="col"
        >
          resources.AdvancedFilters.services
        </th>
        <th
          scope="col"
        >
          resources.AdvancedFilters.cities
        </th>
        <th
          scope="col"
        >
          resources.AdvancedFilters.ratings
        </th>
        <th
          scope="col"
        >
           
        </th>
      </tr>
    </thead>
    <tbody>
      <tr
        className="table-info"
      >
        <td
          className="d-table-cell align-middle"
        >
          <img
            align="right"
            alt="NGO Logo"
            className="ngoLogo fluid"
            src="https://firebasestorage.googleapis.com/v0/b/no-barriers.appspot.com/o/Zootopia-Characters-Revealed-5.jpg?alt=media&token=0a108e5a-decf-4278-9284-094db45a160a"
          />
        </td>
        <td
          className="d-table-cell align-middle"
        >
          ABC
        </td>
        <td
          className="d-table-cell align-middle"
        >
          Education
        </td>
        <td
          className="d-table-cell align-middle"
        >
          Ankara
        </td>
        <td
          className="d-table-cell align-middle"
        >
          2
        </td>
        <td
          className="d-table-cell align-middle btnCol"
        >
          <button
            aria-controls="undefined"
            className="btnMoreDetails shadow-none btn btn-primary"
            disabled={false}
            onClick={[Function]}
            type="button"
          >
            resources.ngoList.buttonOpenDetails
          </button>
        </td>
      </tr>
    </tbody>
  </table>
</div>
`;
